//You can find all localization changes in zh-Hans in this file
//This may assist you in creating localizations for other languages

[3.17-Changes]
[Mods.CalamityEntropy.YoungMasterDashCD] - added
[Mods.CalamityEntropy.Projectiles.YoungMasterProj.DisplayName] - added
[Mods.CalamityEntropy.Projectiles.TectinicShardAshesCore.DisplayName] - removed // This is a spelling mistake, remove this key
[Mods.CalamityEntropy.Projectiles.TectinicShardHoming.DisplayName] - removed    // This is a spelling mistake, remove this key
[Mods.CalamityEntropy.Projectiles.VoisenBullet.DisplayName] - added
[Mods.CalamityEntropy.Projectiles.YMSlash.DisplayName] - added
[Mods.CalamityEntropy.Projectiles.YoungMasterDash.DisplayName] - added
[Mods.CalamityEntropy.AbyssalStorm] - added
[Mods.CalamityEntropy.Items.YoungMaster.DisplayName] - added
[Mods.CalamityEntropy.Items.YoungMaster.Tooltip] - added
[Mods.CalamityEntropy.Items.VoidRelics.Tooltip] - changed
[Mods.CalamityEntropy.Projectiles.YoungMasterMark.DisplayName] - added


[3.18-Changes]
[Mods.CalamityEntropy.AzafureEnhances.AzafureStandardShotgun] - added
[Mods.CalamityEntropy.AzafureEnhances.AzafureImperialGuardMachineGun] - added
[Mods.CalamityEntropy.AzafureEnhances.AzafureExhaustGasInjector] - added
[Mods.CalamityEntropy.NoAmmo] - added
[Mods.CalamityEntropy.Projectiles.RuneSongHeld.DisplayName] - added
[Mods.CalamityEntropy.Projectiles.ExhaustGas.DisplayName] - added
[Mods.CalamityEntropy.Projectiles.MewMewBombThrow.DisplayName] - added
[Mods.CalamityEntropy.Projectiles.ImperialGuardShot.DisplayName] - added
[Mods.CalamityEntropy.Projectiles.AzafureImperialGuardMachineGunHeld.DisplayName] - added
[Mods.CalamityEntropy.Projectiles.RuneBolt.DisplayName] - added
[Mods.CalamityEntropy.Projectiles.AzafureExhaustGasInjectorHeld.DisplayName] - added
[Mods.CalamityEntropy.Items.AzafureImperialGuardMachineGun.DisplayName] - added
[Mods.CalamityEntropy.Items.AzafureImperialGuardMachineGun.Tooltip] - added
[Mods.CalamityEntropy.Items.RuneSong.Tooltip] - changed
[Mods.CalamityEntropy.Items.AzafureStandardShotgun.DisplayName] - added
[Mods.CalamityEntropy.Items.AzafureStandardShotgun.Tooltip] - added
[Mods.CalamityEntropy.Items.Weapons.Rogue.MewMewBomb.DisplayName] - added
[Mods.CalamityEntropy.Items.Weapons.Rogue.MewMewBomb.Tooltip] - added
[Mods.CalamityEntropy.Items.AzafureExhaustGasInjector.DisplayName] - added
[Mods.CalamityEntropy.Items.AzafureExhaustGasInjector.Tooltip] - added


[3.19-Changes]
[Mods.CalamityEntropy.Musics.Apsychos] - added
[Mods.CalamityEntropy.Musics.Cruiser] - added
[Mods.CalamityEntropy.Musics.Prophet1] - added
[Mods.CalamityEntropy.Musics.Prophet2] - added
[Mods.CalamityEntropy.Musics.VoidTwins] - added
[Mods.CalamityEntropy.Musics.Luminaris] - added
[Mods.CalamityEntropy.Musics.Acropolis] - added
[Mods.CalamityEntropy.Musics.BadbfHX] - added
[Mods.CalamityEntropy.Musics.Francium] - added
[Mods.CalamityEntropy.Musics.SobaNoodles] - added
[Mods.CalamityEntropy.Musics.ThemeOf] - added
[Mods.CalamityEntropy.Items.Weapons.Rogue.MewMewBomb.Tooltip] - changed
[Mods.CalamityEntropy.Items.Kinanition.Tooltip] - changed
[Mods.CalamityEntropy.Items.HolyMoonlight.Tooltip] - changed
[Mods.CalamityEntropy.Items.PlagueInternalCombustionEngine.Tooltip] - changed


[3.20-Changes]
[Mods.CalamityEntropy.Items.Erebodrepanon] - added
[Mods.CalamityEntropy.Items.ThalassianGleam] - added
[Mods.CalamityEntropy.Items.GoldenFlowerInAJar] - added
[Mods.CalamityEntropy.Projectiles.ThalassianWaterBolt] - added
[Mods.CalamityEntropy.Projectiles.SilentpeakSword] - added
[Mods.CalamityEntropy.Projectiles.ErebodrepanonMark] - added
[Mods.CalamityEntropy.Projectiles.KinanitionSpawn] - added
[Mods.CalamityEntropy.Projectiles.ErebodrepanonHeld] - added
[Mods.CalamityEntropy.Projectiles.ThalassianGleamHeld] - added
[Mods.CalamityEntropy.Buffs.SilentpeakBuff] - added
[Mods.CalamityEntropy.Buffs.SilentpeakBuff] - added
[Mods.CalamityEntropy.Items.FeatheredHeadpiece] - added
[Mods.CalamityEntropy.Items.TsumugisHood] - added
[Mods.CalamityEntropy.Items.FlowerHeadband] - added
[Mods.CalamityEntropy.Items.Silentpeak] - added


[3.23-Changes]
[Mods.CalamityEntropy.Items.TsumugisHood] - changed
[Mods.CalamityEntropy.Items.ReapersButterfly] - added
[Mods.CalamityEntropy.Items.CrystalofHeart] - added
[Mods.CalamityEntropy.Items.BookMarkNeutron] - removed
[Mods.CalamityEntropy.Items.MikoMaeTengkan] - added
[Mods.CalamityEntropy.Items.OathBanner] - added
[Mods.CalamityEntropy.Items.Weapons.Rogue.SawofMacrocosm] - added
[Mods.CalamityEntropy.Items.Weapons.Rogue.BrillianceSwirlblade] - added
[Mods.CalamityEntropy.Items.Weapons.Rogue.GlacierSwirlblade] - added
[Mods.CalamityEntropy.Items.Weapons.Rogue.FlamingSwirlblade] - added
[Mods.CalamityEntropy.Items.Weapons.Rogue.Revelation.Tooltip] - changed
[Mods.CalamityEntropy.Items.Weapons.Rogue.AzafureSwirlblade] - added
[Mods.CalamityEntropy.Items.Weapons.Rogue.RunicSwirlblade] - added
[Mods.CalamityEntropy.Items.Weapons.Rogue.BlazingSwirlblade] - added
[Mods.CalamityEntropy.Items.CantaloupeSmoothie] - added
[Mods.CalamityEntropy.Items.TectonicChainBlade] - added
[Mods.CalamityEntropy.Items.BlackSkirt] - added
[Mods.CalamityEntropy.Items.BottleofCrystal] - added
[Mods.CalamityEntropy.Items.Lore.LoreAcropolis] - added
[Mods.CalamityEntropy.Items.Lore.LoreAcropolis.Lore] - added
[Mods.CalamityEntropy.Items.FuchsiaRibbon] - added
[Mods.CalamityEntropy.AzafureEnhances.AzafureSwirlblade] - added
[Mods.CalamityEntropy.VoidDeath0] - added
[Mods.CalamityEntropy.VoidDeath1] - added
[Mods.CalamityEntropy.VoidDeath2] - added
[Mods.CalamityEntropy.VoidDeath3] - added
[Mods.CalamityEntropy.VoidDeath4] - added
[Mods.CalamityEntropy.Projectiles.AzafureSwirlbladeMissile.DisplayName] - added
[Mods.CalamityEntropy.Projectiles.AzafureSwirlbladeProj.DisplayName] - added
[Mods.CalamityEntropy.Projectiles.SawofMacrocosmProj.DisplayName] - added
[Mods.CalamityEntropy.Projectiles.RevelationBolt.DisplayName] - added
[Mods.CalamityEntropy.Projectiles.RevelationStealth.DisplayName] - added
[Mods.CalamityEntropy.Projectiles.MacrocosmSawDash.DisplayName] - added
[Mods.CalamityEntropy.Projectiles.AzafureSwirlbladeSaw.DisplayName] - added
[Mods.CalamityEntropy.Projectiles.FlamingSwirlbladeProj.DisplayName] - added
[Mods.CalamityEntropy.Projectiles.BrillianceSwirlbladeProj.DisplayName] - added
[Mods.CalamityEntropy.Projectiles.TectonicChainBladeWhip.DisplayName] - added
[Mods.CalamityEntropy.Projectiles.MacrocosmVoidBolt.DisplayName] - added
[Mods.CalamityEntropy.Projectiles.BlazingSwirlbladeProj.DisplayName] - added
[Mods.CalamityEntropy.Projectiles.RunicSwirlbladeProj.DisplayName] - added
[Mods.CalamityEntropy.Projectiles.SawofMacrocosmSplit.DisplayName] - added
[Mods.CalamityEntropy.Projectiles.RevelationThrown.DisplayName] - added
[Mods.CalamityEntropy.Projectiles.RevelationExplode.DisplayName] - added
[Mods.CalamityEntropy.Projectiles.GlacierSwirlbladeProj.DisplayName] - added
[Mods.CalamityEntropy.Projectiles.FlamingSwirlbladeFlame.DisplayName] - added
[Mods.CalamityEntropy.Projectiles.BlazingSwirlbladeFlame.DisplayName] - added
[Mods.CalamityEntropy.Projectiles.RunicSwirlbladeBullet.DisplayName] - added
[Mods.CalamityEntropy.Projectiles.GlacierSwirlbladeSaw.DisplayName] - added
[Mods.CalamityEntropy.Buffs.TectonicChainBladeWhipDebuff.DisplayName] - added
[Mods.CalamityEntropy.Buffs.TectonicChainBladeWhipDebuff.Description] - added
[Mods.CalamityEntropy.Buffs.OathofCommand] - added


[3.24-Changes]
[Mods.CalamityEntropy.Projectiles.RevelationMelee.DisplayName] - removed
[Mods.CalamityEntropy.Projectiles.ExergySwirlbladeProj.DisplayName] - added
[Mods.CalamityEntropy.Projectiles.Flowery.DisplayName] - added
[Mods.CalamityEntropy.Projectiles.AquaShardWaterBullet.DisplayName] - added
[Mods.CalamityEntropy.Projectiles.Bellbeast.DisplayName] - added
[Mods.CalamityEntropy.Projectiles.ApeirokyklosSpike.DisplayName] - added
[Mods.CalamityEntropy.Projectiles.ApeirokyklosProj.DisplayName] - added
[Mods.CalamityEntropy.Projectiles.RevelationThrow.DisplayName] - removed
[Mods.CalamityEntropy.Projectiles.WaterBulletSpawner.DisplayName] - added
[Mods.CalamityEntropy.Projectiles.ExergySwirlbladeSaw.DisplayName] - added
[Mods.CalamityEntropy.WyrmChatCOHalibut2] - removed
[Mods.CalamityEntropy.WyrmChatCOHalibut1] - removed
[Mods.CalamityEntropy.BaitCommonTooltip1] - added
[Mods.CalamityEntropy.DeltaruneCH5ShadowCrystal] - added
[Mods.CalamityEntropy.WyrmChatCOHalibut3] - removed
[Mods.CalamityEntropy.BaitCommonTooltip2] - added
[Mods.CalamityEntropy.Buffs.Deceive.Description] - changed
[Mods.CalamityEntropy.Buffs.Deceive.ItemTooltip] - added
[Mods.CalamityEntropy.Buffs.FloweryBuff.DisplayName] - added
[Mods.CalamityEntropy.Buffs.FloweryBuff.Description] - added
[Mods.CalamityEntropy.Buffs.BellbeastBuff.DisplayName] - added
[Mods.CalamityEntropy.Buffs.BellbeastBuff.Description] - added
[Mods.CalamityEntropy.Items.BellwayBell.DisplayName] - added
[Mods.CalamityEntropy.Items.BellwayBell.Tooltip] - added
[Mods.CalamityEntropy.Items.FlowerWithFace.DisplayName] - added
[Mods.CalamityEntropy.Items.FlowerWithFace.Tooltip] - added
[Mods.CalamityEntropy.Items.AntlionShell.DisplayName] - added
[Mods.CalamityEntropy.Items.AntlionShell.Tooltip] - added
[Mods.CalamityEntropy.Items.Lore.LoreAcropolis.Tooltip] - added
[Mods.CalamityEntropy.Items.Weapons.Rogue.Apeirokyklos.DisplayName] - added
[Mods.CalamityEntropy.Items.Weapons.Rogue.Apeirokyklos.Tooltip] - added
[Mods.CalamityEntropy.Items.Weapons.Rogue.ExergySwirlblade.DisplayName] - added
[Mods.CalamityEntropy.Items.Weapons.Rogue.ExergySwirlblade.Tooltip] - added
[Mods.CalamityEntropy.Items.Weapons.Rogue.Aquashard.Tooltip] - changed
[Mods.CalamityEntropy.NPCs.PrimordialWyrmNPC.DisplayName] - changed
[Mods.CalamityEntropy.NPCs.PrimordialWyrmNPC.Census.SpawnCondition] - changed
[Mods.CalamityEntropy.NPCs.PrimordialWyrmNPC.TownNPCMood.DislikeCrowded] - changed
[Mods.CalamityEntropy.NPCs.PrimordialWyrmNPC.TownNPCMood.FarFromHome] - changed
[Mods.CalamityEntropy.NPCs.PrimordialWyrmNPC.TownNPCMood.HateCrowded] - changed
[Mods.CalamityEntropy.NPCs.PrimordialWyrmNPC.TownNPCMood.MonumentNearby] - added
